package org.assertj.assertions.generator.data;

/**
 * Entry point for BDD soft assertions of different data types.
 */
@javax.annotation.processing.Generated(value="assertj-assertions-generator")
public class BDDSoftAssertions extends org.assertj.core.api.BDDSoftAssertions {

  /**
   * Creates a new "soft" instance of <code>{@link org.assertj.assertions.generator.data.MovieAssert}</code>.
   *
   * @param actual the actual value.
   * @return the created "soft" assertion object.
   */
  @org.assertj.core.util.CheckReturnValue
  public org.assertj.assertions.generator.data.MovieAssert then(org.assertj.assertions.generator.data.Movie actual) {
    return proxy(org.assertj.assertions.generator.data.MovieAssert.class, org.assertj.assertions.generator.data.Movie.class, actual);
  }

  /**
   * Creates a new "soft" instance of <code>{@link org.assertj.assertions.generator.data.MoviePublicCategoryAssert}</code>.
   *
   * @param actual the actual value.
   * @return the created "soft" assertion object.
   */
  @org.assertj.core.util.CheckReturnValue
  public org.assertj.assertions.generator.data.MoviePublicCategoryAssert then(org.assertj.assertions.generator.data.Movie.PublicCategory actual) {
    return proxy(org.assertj.assertions.generator.data.MoviePublicCategoryAssert.class, org.assertj.assertions.generator.data.Movie.PublicCategory.class, actual);
  }

  /**
   * Creates a new "soft" instance of <code>{@link org.assertj.assertions.generator.data.NameAssert}</code>.
   *
   * @param actual the actual value.
   * @return the created "soft" assertion object.
   */
  @org.assertj.core.util.CheckReturnValue
  public org.assertj.assertions.generator.data.NameAssert then(org.assertj.assertions.generator.data.Name actual) {
    return proxy(org.assertj.assertions.generator.data.NameAssert.class, org.assertj.assertions.generator.data.Name.class, actual);
  }

  /**
   * Creates a new "soft" instance of <code>{@link org.assertj.assertions.generator.data.TreeEnumAssert}</code>.
   *
   * @param actual the actual value.
   * @return the created "soft" assertion object.
   */
  @org.assertj.core.util.CheckReturnValue
  public org.assertj.assertions.generator.data.TreeEnumAssert then(org.assertj.assertions.generator.data.TreeEnum actual) {
    return proxy(org.assertj.assertions.generator.data.TreeEnumAssert.class, org.assertj.assertions.generator.data.TreeEnum.class, actual);
  }

  /**
   * Creates a new "soft" instance of <code>{@link org.assertj.assertions.generator.data.art.ArtWorkAssert}</code>.
   *
   * @param actual the actual value.
   * @return the created "soft" assertion object.
   */
  @org.assertj.core.util.CheckReturnValue
  public org.assertj.assertions.generator.data.art.ArtWorkAssert then(org.assertj.assertions.generator.data.art.ArtWork actual) {
    return proxy(org.assertj.assertions.generator.data.art.ArtWorkAssert.class, org.assertj.assertions.generator.data.art.ArtWork.class, actual);
  }

  /**
   * Creates a new "soft" instance of <code>{@link org.assertj.assertions.generator.data.lotr.RaceAssert}</code>.
   *
   * @param actual the actual value.
   * @return the created "soft" assertion object.
   */
  @org.assertj.core.util.CheckReturnValue
  public org.assertj.assertions.generator.data.lotr.RaceAssert then(org.assertj.assertions.generator.data.lotr.Race actual) {
    return proxy(org.assertj.assertions.generator.data.lotr.RaceAssert.class, org.assertj.assertions.generator.data.lotr.Race.class, actual);
  }

  /**
   * Creates a new "soft" instance of <code>{@link org.assertj.assertions.generator.data.lotr.RingAssert}</code>.
   *
   * @param actual the actual value.
   * @return the created "soft" assertion object.
   */
  @org.assertj.core.util.CheckReturnValue
  public org.assertj.assertions.generator.data.lotr.RingAssert then(org.assertj.assertions.generator.data.lotr.Ring actual) {
    return proxy(org.assertj.assertions.generator.data.lotr.RingAssert.class, org.assertj.assertions.generator.data.lotr.Ring.class, actual);
  }

  /**
   * Creates a new "soft" instance of <code>{@link org.assertj.assertions.generator.data.lotr.TolkienCharacterAssert}</code>.
   *
   * @param actual the actual value.
   * @return the created "soft" assertion object.
   */
  @org.assertj.core.util.CheckReturnValue
  public org.assertj.assertions.generator.data.lotr.TolkienCharacterAssert then(org.assertj.assertions.generator.data.lotr.TolkienCharacter actual) {
    return proxy(org.assertj.assertions.generator.data.lotr.TolkienCharacterAssert.class, org.assertj.assertions.generator.data.lotr.TolkienCharacter.class, actual);
  }

  /**
   * Creates a new "soft" instance of <code>{@link org.assertj.assertions.generator.data.nba.PlayerAssert}</code>.
   *
   * @param actual the actual value.
   * @return the created "soft" assertion object.
   */
  @org.assertj.core.util.CheckReturnValue
  public org.assertj.assertions.generator.data.nba.PlayerAssert then(org.assertj.assertions.generator.data.nba.Player actual) {
    return proxy(org.assertj.assertions.generator.data.nba.PlayerAssert.class, org.assertj.assertions.generator.data.nba.Player.class, actual);
  }

}
