package org.assertj.assertions.generator.data;

/**
 * {@link BlockBuster} specific assertions - Generated by CustomAssertionGenerator.
 *
 * Although this class is not final to allow Soft assertions proxy, if you wish to extend it, 
 * extend {@link AbstractBlockBusterAssert} instead.
 */
@javax.annotation.processing.Generated(value="assertj-assertions-generator")
public class BlockBusterAssert extends AbstractBlockBusterAssert<BlockBusterAssert, BlockBuster> {

  /**
   * Creates a new <code>{@link BlockBusterAssert}</code> to make assertions on actual BlockBuster.
   * @param actual the BlockBuster we want to make assertions on.
   */
  public BlockBusterAssert(BlockBuster actual) {
    super(actual, BlockBusterAssert.class);
  }

  /**
   * An entry point for BlockBusterAssert to follow AssertJ standard <code>assertThat()</code> statements.<br>
   * With a static import, one can write directly: <code>assertThat(myBlockBuster)</code> and get specific assertion with code completion.
   * @param actual the BlockBuster we want to make assertions on.
   * @return a new <code>{@link BlockBusterAssert}</code>
   */
  @org.assertj.core.util.CheckReturnValue
  public static BlockBusterAssert assertThat(BlockBuster actual) {
    return new BlockBusterAssert(actual);
  }
}
