package org.assertj.assertions.generator.data;

/**
 * {@link FieldPropertyClash} specific assertions - Generated by CustomAssertionGenerator.
 *
 * Although this class is not final to allow Soft assertions proxy, if you wish to extend it, 
 * extend {@link AbstractFieldPropertyClashAssert} instead.
 */
@javax.annotation.processing.Generated(value="assertj-assertions-generator")
public class FieldPropertyClashAssert extends AbstractFieldPropertyClashAssert<FieldPropertyClashAssert, FieldPropertyClash> {

  /**
   * Creates a new <code>{@link FieldPropertyClashAssert}</code> to make assertions on actual FieldPropertyClash.
   * @param actual the FieldPropertyClash we want to make assertions on.
   */
  public FieldPropertyClashAssert(FieldPropertyClash actual) {
    super(actual, FieldPropertyClashAssert.class);
  }

  /**
   * An entry point for FieldPropertyClashAssert to follow AssertJ standard <code>assertThat()</code> statements.<br>
   * With a static import, one can write directly: <code>assertThat(myFieldPropertyClash)</code> and get specific assertion with code completion.
   * @param actual the FieldPropertyClash we want to make assertions on.
   * @return a new <code>{@link FieldPropertyClashAssert}</code>
   */
  @org.assertj.core.util.CheckReturnValue
  public static FieldPropertyClashAssert assertThat(FieldPropertyClash actual) {
    return new FieldPropertyClashAssert(actual);
  }
}
