package org.assertj.assertions.generator.data;

/**
 * {@link InterferencePrimitives} specific assertions - Generated by CustomAssertionGenerator.
 *
 * Although this class is not final to allow Soft assertions proxy, if you wish to extend it, 
 * extend {@link AbstractInterferencePrimitivesAssert} instead.
 */
@javax.annotation.processing.Generated(value="assertj-assertions-generator")
public class InterferencePrimitivesAssert extends AbstractInterferencePrimitivesAssert<InterferencePrimitivesAssert, InterferencePrimitives> {

  /**
   * Creates a new <code>{@link InterferencePrimitivesAssert}</code> to make assertions on actual InterferencePrimitives.
   * @param actual the InterferencePrimitives we want to make assertions on.
   */
  public InterferencePrimitivesAssert(InterferencePrimitives actual) {
    super(actual, InterferencePrimitivesAssert.class);
  }

  /**
   * An entry point for InterferencePrimitivesAssert to follow AssertJ standard <code>assertThat()</code> statements.<br>
   * With a static import, one can write directly: <code>assertThat(myInterferencePrimitives)</code> and get specific assertion with code completion.
   * @param actual the InterferencePrimitives we want to make assertions on.
   * @return a new <code>{@link InterferencePrimitivesAssert}</code>
   */
  @org.assertj.core.util.CheckReturnValue
  public static InterferencePrimitivesAssert assertThat(InterferencePrimitives actual) {
    return new InterferencePrimitivesAssert(actual);
  }
}
