package org.assertj.assertions.generator.data;

/**
 * {@link WithPrivateFields} specific assertions - Generated by CustomAssertionGenerator.
 *
 * Although this class is not final to allow Soft assertions proxy, if you wish to extend it, 
 * extend {@link AbstractWithPrivateFieldsAssert} instead.
 */
@javax.annotation.processing.Generated(value="assertj-assertions-generator")
public class WithPrivateFieldsAssert extends AbstractWithPrivateFieldsAssert<WithPrivateFieldsAssert, WithPrivateFields> {

  /**
   * Creates a new <code>{@link WithPrivateFieldsAssert}</code> to make assertions on actual WithPrivateFields.
   * @param actual the WithPrivateFields we want to make assertions on.
   */
  public WithPrivateFieldsAssert(WithPrivateFields actual) {
    super(actual, WithPrivateFieldsAssert.class);
  }

  /**
   * An entry point for WithPrivateFieldsAssert to follow AssertJ standard <code>assertThat()</code> statements.<br>
   * With a static import, one can write directly: <code>assertThat(myWithPrivateFields)</code> and get specific assertion with code completion.
   * @param actual the WithPrivateFields we want to make assertions on.
   * @return a new <code>{@link WithPrivateFieldsAssert}</code>
   */
  @org.assertj.core.util.CheckReturnValue
  public static WithPrivateFieldsAssert assertThat(WithPrivateFields actual) {
    return new WithPrivateFieldsAssert(actual);
  }
}
