package org.assertj.assertions.generator.data;

import org.assertj.core.util.Objects;

/**
 * Abstract base class for {@link WithPrivateFields} specific assertions - Generated by CustomAssertionGenerator.
 */
@javax.annotation.Generated(value="assertj-assertions-generator")
public abstract class AbstractWithPrivateFieldsAssert<S extends AbstractWithPrivateFieldsAssert<S, A>, A extends WithPrivateFields> extends AbstractWithPrivateFieldsParentAssert<S, A> {

  /**
   * Creates a new <code>{@link AbstractWithPrivateFieldsAssert}</code> to make assertions on actual WithPrivateFields.
   * @param actual the WithPrivateFields we want to make assertions on.
   */
  protected AbstractWithPrivateFieldsAssert(A actual, Class<S> selfType) {
    super(actual, selfType);
  }

  /**
   * Verifies that the actual WithPrivateFields's address is equal to the given one.
   * @param address the given address to compare the actual WithPrivateFields's address to.
   * @return this assertion object.
   * @throws AssertionError - if the actual WithPrivateFields's address is not equal to the given one.
   */
  public S hasAddress(String address) {
    // check that actual WithPrivateFields we want to make assertions on is not null.
    isNotNull();

    // overrides the default error message with a more explicit one
    String assertjErrorMessage = "\nExpecting address of:\n  <%s>\nto be:\n  <%s>\nbut was:\n  <%s>";

    // null safe check
    String actualAddress = actual.getAddress();
    if (!Objects.areEqual(actualAddress, address)) {
      failWithMessage(assertjErrorMessage, actual, address, actualAddress);
    }

    // return the current assertion for method chaining
    return myself;
  }

  /**
   * Verifies that the actual WithPrivateFields's address is <code>null</code>.
   * @return this assertion object.
   * @throws AssertionError - if the actual WithPrivateFields's address is not <code>null</code>.
   */
  public S hasNullAddress() {
    // check that actual WithPrivateFields we want to make assertions on is not null.
    isNotNull();

    // overrides the default error message with a more explicit one
    String assertjErrorMessage = "\nExpecting address of:\n  <%s>\nto be:\n  null\nbut was:\n  <%s>";

    // check
    String actualAddress = actual.getAddress();
    if (actualAddress != null) {
      failWithMessage(assertjErrorMessage, actual, actualAddress);
    }

    // return the current assertion for method chaining
    return myself;
  }

  /**
   * Verifies that the actual WithPrivateFields's address is not <code>null</code>.
   * @return this assertion object.
   * @throws AssertionError - if the actual WithPrivateFields's address is <code>null</code>.
   */
  public S hasNotNullAddress() {
    // check that actual WithPrivateFields we want to make assertions on is not null.
    isNotNull();

    // overrides the default error message with a more explicit one
    String assertjErrorMessage = "\nExpecting address of:\n  <%s>\nto be:\n  not-null\nbut was:\n  <null>";

    // check
    String actualAddress = actual.getAddress();
    if (actualAddress == null) {
      failWithMessage(assertjErrorMessage, actual);
    }

    // return the current assertion for method chaining
    return myself;
  }

  /**
   * Verifies that the actual WithPrivateFields's age is equal to the given one.
   * @param age the given age to compare the actual WithPrivateFields's age to.
   * @return this assertion object.
   * @throws AssertionError - if the actual WithPrivateFields's age is not equal to the given one.
   */
  public S hasAge(int age) {
    // check that actual WithPrivateFields we want to make assertions on is not null.
    isNotNull();

    // overrides the default error message with a more explicit one
    String assertjErrorMessage = "\nExpecting age of:\n  <%s>\nto be:\n  <%s>\nbut was:\n  <%s>";

    // check
    int actualAge = actual.age;
    if (actualAge != age) {
      failWithMessage(assertjErrorMessage, actual, age, actualAge);
    }

    // return the current assertion for method chaining
    return myself;
  }

  /**
   * Verifies that the actual WithPrivateFields is minor.
   * @return this assertion object.
   * @throws AssertionError - if the actual WithPrivateFields is not minor.
   */
  public S isMinor() {
    // check that actual WithPrivateFields we want to make assertions on is not null.
    isNotNull();

    // check that property call/field access is true
    if (!org.assertj.core.util.introspection.FieldSupport.EXTRACTION.fieldValue("minor", Boolean.class, actual)) {
      failWithMessage("\nExpecting that actual WithPrivateFields is minor but is not.");
    }

    // return the current assertion for method chaining
    return myself;
  }

  /**
   * Verifies that the actual WithPrivateFields is not minor.
   * @return this assertion object.
   * @throws AssertionError - if the actual WithPrivateFields is minor.
   */
  public S isNotMinor() {
    // check that actual WithPrivateFields we want to make assertions on is not null.
    isNotNull();

    // check that property call/field access is false
    if (org.assertj.core.util.introspection.FieldSupport.EXTRACTION.fieldValue("minor", Boolean.class, actual)) {
      failWithMessage("\nExpecting that actual WithPrivateFields is not minor but is.");
    }

    // return the current assertion for method chaining
    return myself;
  }

  /**
   * Verifies that the actual WithPrivateFields's name is equal to the given one.
   * @param name the given name to compare the actual WithPrivateFields's name to.
   * @return this assertion object.
   * @throws AssertionError - if the actual WithPrivateFields's name is not equal to the given one.
   */
  public S hasName(String name) {
    // check that actual WithPrivateFields we want to make assertions on is not null.
    isNotNull();

    // overrides the default error message with a more explicit one
    String assertjErrorMessage = "\nExpecting name of:\n  <%s>\nto be:\n  <%s>\nbut was:\n  <%s>";

    // null safe check
    String actualName = org.assertj.core.util.introspection.FieldSupport.EXTRACTION.fieldValue("name", String.class, actual);
    if (!Objects.areEqual(actualName, name)) {
      failWithMessage(assertjErrorMessage, actual, name, actualName);
    }

    // return the current assertion for method chaining
    return myself;
  }

  /**
   * Verifies that the actual WithPrivateFields's name is <code>null</code>.
   * @return this assertion object.
   * @throws AssertionError - if the actual WithPrivateFields's name is not <code>null</code>.
   */
  public S hasNullName() {
    // check that actual WithPrivateFields we want to make assertions on is not null.
    isNotNull();

    // overrides the default error message with a more explicit one
    String assertjErrorMessage = "\nExpecting name of:\n  <%s>\nto be:\n  null\nbut was:\n  <%s>";

    // check
    String actualName = org.assertj.core.util.introspection.FieldSupport.EXTRACTION.fieldValue("name", String.class, actual);
    if (actualName != null) {
      failWithMessage(assertjErrorMessage, actual, actualName);
    }

    // return the current assertion for method chaining
    return myself;
  }

  /**
   * Verifies that the actual WithPrivateFields's name is not <code>null</code>.
   * @return this assertion object.
   * @throws AssertionError - if the actual WithPrivateFields's name is <code>null</code>.
   */
  public S hasNotNullName() {
    // check that actual WithPrivateFields we want to make assertions on is not null.
    isNotNull();

    // overrides the default error message with a more explicit one
    String assertjErrorMessage = "\nExpecting name of:\n  <%s>\nto be:\n  not-null\nbut was:\n  <null>";

    // check
    String actualName = org.assertj.core.util.introspection.FieldSupport.EXTRACTION.fieldValue("name", String.class, actual);
    if (actualName == null) {
      failWithMessage(assertjErrorMessage, actual);
    }

    // return the current assertion for method chaining
    return myself;
  }

  /**
   * Verifies that the actual WithPrivateFields's nickname is equal to the given one.
   * @param nickname the given nickname to compare the actual WithPrivateFields's nickname to.
   * @return this assertion object.
   * @throws AssertionError - if the actual WithPrivateFields's nickname is not equal to the given one.
   */
  public S hasNickname(String nickname) {
    // check that actual WithPrivateFields we want to make assertions on is not null.
    isNotNull();

    // overrides the default error message with a more explicit one
    String assertjErrorMessage = "\nExpecting nickname of:\n  <%s>\nto be:\n  <%s>\nbut was:\n  <%s>";

    // null safe check
    String actualNickname = org.assertj.core.util.introspection.FieldSupport.EXTRACTION.fieldValue("nickname", String.class, actual);
    if (!Objects.areEqual(actualNickname, nickname)) {
      failWithMessage(assertjErrorMessage, actual, nickname, actualNickname);
    }

    // return the current assertion for method chaining
    return myself;
  }

  /**
   * Verifies that the actual WithPrivateFields's nickname is <code>null</code>.
   * @return this assertion object.
   * @throws AssertionError - if the actual WithPrivateFields's nickname is not <code>null</code>.
   */
  public S hasNullNickname() {
    // check that actual WithPrivateFields we want to make assertions on is not null.
    isNotNull();

    // overrides the default error message with a more explicit one
    String assertjErrorMessage = "\nExpecting nickname of:\n  <%s>\nto be:\n  null\nbut was:\n  <%s>";

    // check
    String actualNickname = org.assertj.core.util.introspection.FieldSupport.EXTRACTION.fieldValue("nickname", String.class, actual);
    if (actualNickname != null) {
      failWithMessage(assertjErrorMessage, actual, actualNickname);
    }

    // return the current assertion for method chaining
    return myself;
  }

  /**
   * Verifies that the actual WithPrivateFields's nickname is not <code>null</code>.
   * @return this assertion object.
   * @throws AssertionError - if the actual WithPrivateFields's nickname is <code>null</code>.
   */
  public S hasNotNullNickname() {
    // check that actual WithPrivateFields we want to make assertions on is not null.
    isNotNull();

    // overrides the default error message with a more explicit one
    String assertjErrorMessage = "\nExpecting nickname of:\n  <%s>\nto be:\n  not-null\nbut was:\n  <null>";

    // check
    String actualNickname = org.assertj.core.util.introspection.FieldSupport.EXTRACTION.fieldValue("nickname", String.class, actual);
    if (actualNickname == null) {
      failWithMessage(assertjErrorMessage, actual);
    }

    // return the current assertion for method chaining
    return myself;
  }

}
