package org.assertj.assertions.generator.data;

import org.assertj.core.api.Assertions;
import org.assertj.core.util.Objects;

/**
 * Abstract base class for {@link Movie} specific assertions - Generated by CustomAssertionGenerator.
 */
public abstract class AbstractMovieAssert<S extends AbstractMovieAssert<S, A>, A extends Movie> extends AbstractArtWorkAssert<S, A> {

  /**
   * Creates a new <code>{@link AbstractMovieAssert}</code> to make assertions on actual Movie.
   * @param actual the Movie we want to make assertions on.
   */
  protected AbstractMovieAssert(A actual, Class<S> selfType) {
    super(actual, selfType);
  }

  /**
   * Verifies that the actual Movie's publicCategory is equal to the given one.
   * @param publicCategory the given publicCategory to compare the actual Movie's publicCategory to.
   * @return this assertion object.
   * @throws AssertionError - if the actual Movie's publicCategory is not equal to the given one.
   */
  public S hasPublicCategory(Movie.PublicCategory publicCategory) {
    // check that actual Movie we want to make assertions on is not null.
    isNotNull();

    // overrides the default error message with a more explicit one
    String assertjErrorMessage = "\nExpecting publicCategory of:\n  <%s>\nto be:\n  <%s>\nbut was:\n  <%s>";
    
    // null safe check
    Movie.PublicCategory actualPublicCategory = actual.getPublicCategory();
    if (!Objects.areEqual(actualPublicCategory, publicCategory)) {
      failWithMessage(assertjErrorMessage, actual, publicCategory, actualPublicCategory);
    }

    // return the current assertion for method chaining
    return myself;
  }

  /**
   * Verifies that the actual Movie's releaseDate is equal to the given one.
   * @param releaseDate the given releaseDate to compare the actual Movie's releaseDate to.
   * @return this assertion object.
   * @throws AssertionError - if the actual Movie's releaseDate is not equal to the given one.
   */
  public S hasReleaseDate(java.util.Date releaseDate) {
    // check that actual Movie we want to make assertions on is not null.
    isNotNull();

    // overrides the default error message with a more explicit one
    String assertjErrorMessage = "\nExpecting releaseDate of:\n  <%s>\nto be:\n  <%s>\nbut was:\n  <%s>";
    
    // null safe check
    java.util.Date actualReleaseDate = actual.getReleaseDate();
    if (!Objects.areEqual(actualReleaseDate, releaseDate)) {
      failWithMessage(assertjErrorMessage, actual, releaseDate, actualReleaseDate);
    }

    // return the current assertion for method chaining
    return myself;
  }

  /**
   * Verifies that the actual Movie's producer is equal to the given one.
   * @param producer the given producer to compare the actual Movie's producer to.
   * @return this assertion object.
   * @throws AssertionError - if the actual Movie's producer is not equal to the given one.
   */
  public S hasProducer(String producer) {
    // check that actual Movie we want to make assertions on is not null.
    isNotNull();

    // overrides the default error message with a more explicit one
    String assertjErrorMessage = "\nExpecting producer of:\n  <%s>\nto be:\n  <%s>\nbut was:\n  <%s>";
    
    // null safe check
    String actualProducer = actual.producer;
    if (!Objects.areEqual(actualProducer, producer)) {
      failWithMessage(assertjErrorMessage, actual, producer, actualProducer);
    }

    // return the current assertion for method chaining
    return myself;
  }

  /**
     * Verifies that the actual Movie's rating is equal to the given one.
     * @param rating the given rating to compare the actual Movie's rating to.
     * @return this assertion object.
     * @throws AssertionError - if the actual Movie's rating is not equal to the given one.
     */
    public S hasRating(double rating) {
      // check that actual Movie we want to make assertions on is not null.
      isNotNull();

      // overrides the default error message with a more explicit one
      String assertjErrorMessage = "\nExpecting rating of:\n  <%s>\nto be:\n  <%s>\nbut was:\n  <%s>";

      // check
      double actualRating = actual.rating;
      if (actualRating != rating) {
        failWithMessage(assertjErrorMessage, actual, rating, actualRating);
      }

      // return the current assertion for method chaining
      return myself;
    }

  /**
   * Verifies that the actual Movie's rating is close to the given value by less than the given offset.
   * <p>
   * If difference is equal to the offset value, assertion is considered successful.
   * @param rating the value to compare the actual Movie's rating to.
   * @param offset the given offset.
   * @return this assertion object.
   * @throws AssertionError - if the actual Movie's rating is not close enough to the given value.
   */
  public S hasCloseToRating(double rating, double offset) {
    // check that actual Movie we want to make assertions on is not null.
    isNotNull();

    double actualRating = actual.rating;
    
    // overrides the default error message with a more explicit one
    String assertjErrorMessage = String.format("\nExpecting rating:\n  <%s>\nto be close to:\n  <%s>\nby less than <%s> but difference was <%s>",
                                               actualRating, rating, offset, Math.abs(rating - actualRating));
    
    // check
    Assertions.assertThat(actualRating).overridingErrorMessage(assertjErrorMessage).isCloseTo(rating, Assertions.within(offset));

    // return the current assertion for method chaining
    return myself;
  }

  /**
   * Verifies that the actual Movie is xrated.
   * @return this assertion object.
   * @throws AssertionError - if the actual Movie is not xrated.
   */
  public S isXrated() {
    // check that actual Movie we want to make assertions on is not null.
    isNotNull();

    // check
    if (!actual.xrated) {
      failWithMessage("\nExpecting that actual Movie is xrated but is not.");
    }
    
    // return the current assertion for method chaining
    return myself;
  }

  /**
   * Verifies that the actual Movie is not xrated.
   * @return this assertion object.
   * @throws AssertionError - if the actual Movie is xrated.
   */
  public S isNotXrated() {
    // check that actual Movie we want to make assertions on is not null.
    isNotNull();

    // check
    if (actual.xrated) {
      failWithMessage("\nExpecting that actual Movie is not xrated but is.");
    }
    
    // return the current assertion for method chaining
    return myself;
  }

}
