package org.assertj.assertions.generator.data.nba;

import org.assertj.core.api.AbstractObjectAssert;
import org.assertj.core.util.Objects;

/**
 * Abstract base class for {@link PlayerAgent} specific assertions - Generated by CustomAssertionGenerator.
 */
@javax.annotation.Generated(value="assertj-assertions-generator")
public abstract class AbstractPlayerAgentAssert<S extends AbstractPlayerAgentAssert<S, A>, A extends PlayerAgent> extends AbstractObjectAssert<S, A> {

  /**
   * Creates a new <code>{@link AbstractPlayerAgentAssert}</code> to make assertions on actual PlayerAgent.
   * @param actual the PlayerAgent we want to make assertions on.
   */
  protected AbstractPlayerAgentAssert(A actual, Class<S> selfType) {
    super(actual, selfType);
  }

  /**
   * Verifies that the actual PlayerAgent's managedPlayer is equal to the given one.
   * @param managedPlayer the given managedPlayer to compare the actual PlayerAgent's managedPlayer to.
   * @return this assertion object.
   * @throws AssertionError - if the actual PlayerAgent's managedPlayer is not equal to the given one.
   */
  public S hasManagedPlayer(Player managedPlayer) {
    // check that actual PlayerAgent we want to make assertions on is not null.
    isNotNull();

    // overrides the default error message with a more explicit one
    String assertjErrorMessage = "\nExpecting managedPlayer of:\n  <%s>\nto be:\n  <%s>\nbut was:\n  <%s>";

    // null safe check
    Player actualManagedPlayer = actual.getManagedPlayer();
    if (!Objects.areEqual(actualManagedPlayer, managedPlayer)) {
      failWithMessage(assertjErrorMessage, actual, managedPlayer, actualManagedPlayer);
    }

    // return the current assertion for method chaining
    return myself;
  }

  /**
   * Verifies that the actual PlayerAgent's managedPlayer is <code>null</code>.
   * @return this assertion object.
   * @throws AssertionError - if the actual PlayerAgent's managedPlayer is not <code>null</code>.
   */
  public S hasNullManagedPlayer() {
    // check that actual PlayerAgent we want to make assertions on is not null.
    isNotNull();

    // overrides the default error message with a more explicit one
    String assertjErrorMessage = "\nExpecting managedPlayer of:\n  <%s>\nto be:\n  null\nbut was:\n  <%s>";

    // check
    Player actualManagedPlayer = actual.getManagedPlayer();
    if (actualManagedPlayer != null) {
      failWithMessage(assertjErrorMessage, actual, actualManagedPlayer);
    }

    // return the current assertion for method chaining
    return myself;
  }

  /**
   * Verifies that the actual PlayerAgent's managedPlayer is not <code>null</code>.
   * @return this assertion object.
   * @throws AssertionError - if the actual PlayerAgent's managedPlayer is <code>null</code>.
   */
  public S hasNotNullManagedPlayer() {
    // check that actual PlayerAgent we want to make assertions on is not null.
    isNotNull();

    // overrides the default error message with a more explicit one
    String assertjErrorMessage = "\nExpecting managedPlayer of:\n  <%s>\nto be:\n  not-null\nbut was:\n  <null>";

    // check
    Player actualManagedPlayer = actual.getManagedPlayer();
    if (actualManagedPlayer == null) {
      failWithMessage(assertjErrorMessage, actual);
    }

    // return the current assertion for method chaining
    return myself;
  }

}
