package org;

import org.assertj.assertions.generator.data.Team;
import org.assertj.assertions.generator.data.TeamAssert;

/**
 * Entry point for assertions of different data types. Each method in this class is a static factory for the
 * type-specific assertion objects.
 */
@javax.annotation.Generated(value="assertj-assertions-generator")
public class Assertions {

  /**
   * Creates a new instance of <code>{@link TeamAssert}</code>.
   *
   * @param actual the actual value.
   * @return the created assertion object.
   */
  @org.assertj.core.util.CheckReturnValue
  public static TeamAssert assertThat(Team actual) {
    return new TeamAssert(actual);
  }

  /**
   * Creates a new instance of <code>{@link org.assertj.assertions.generator.data.nba.TeamAssert}</code>.
   *
   * @param actual the actual value.
   * @return the created assertion object.
   */
  @org.assertj.core.util.CheckReturnValue
  public static org.assertj.assertions.generator.data.nba.TeamAssert assertThat(org.assertj.assertions.generator.data.nba.Team actual) {
    return new org.assertj.assertions.generator.data.nba.TeamAssert(actual);
  }

  /**
   * Creates a new <code>{@link Assertions}</code>.
   */
  protected Assertions() {
    // empty
  }
}
