package com.google.common.base;

/**
 * Entry point for assertions of different data types. Each method in this class is a static factory for the
 * type-specific assertion objects.
 */
@javax.annotation.Generated(value="assertj-assertions-generator")
public class Assertions extends org.assertj.core.api.Assertions {

  /**
   * Creates a new instance of <code>{@link com.google.common.base.OptionalAssert}</code>.
   *
   * @param actual the actual value.
   * @return the created assertion object.
   */
  @org.assertj.core.util.CheckReturnValue
  public static com.google.common.base.OptionalAssert assertThat(com.google.common.base.Optional actual) {
    return new com.google.common.base.OptionalAssert(actual);
  }

  /**
   * Creates a new instance of <code>{@link org.assertj.assertions.generator.data.MovieAssert}</code>.
   *
   * @param actual the actual value.
   * @return the created assertion object.
   */
  @org.assertj.core.util.CheckReturnValue
  public static org.assertj.assertions.generator.data.MovieAssert assertThat(org.assertj.assertions.generator.data.Movie actual) {
    return new org.assertj.assertions.generator.data.MovieAssert(actual);
  }

  /**
   * Creates a new instance of <code>{@link org.assertj.assertions.generator.data.MoviePublicCategoryAssert}</code>.
   *
   * @param actual the actual value.
   * @return the created assertion object.
   */
  @org.assertj.core.util.CheckReturnValue
  public static org.assertj.assertions.generator.data.MoviePublicCategoryAssert assertThat(org.assertj.assertions.generator.data.Movie.PublicCategory actual) {
    return new org.assertj.assertions.generator.data.MoviePublicCategoryAssert(actual);
  }

  /**
   * Creates a new instance of <code>{@link org.assertj.assertions.generator.data.NameAssert}</code>.
   *
   * @param actual the actual value.
   * @return the created assertion object.
   */
  @org.assertj.core.util.CheckReturnValue
  public static org.assertj.assertions.generator.data.NameAssert assertThat(org.assertj.assertions.generator.data.Name actual) {
    return new org.assertj.assertions.generator.data.NameAssert(actual);
  }

  /**
   * Creates a new instance of <code>{@link org.assertj.assertions.generator.data.TreeEnumAssert}</code>.
   *
   * @param actual the actual value.
   * @return the created assertion object.
   */
  @org.assertj.core.util.CheckReturnValue
  public static org.assertj.assertions.generator.data.TreeEnumAssert assertThat(org.assertj.assertions.generator.data.TreeEnum actual) {
    return new org.assertj.assertions.generator.data.TreeEnumAssert(actual);
  }

  /**
   * Creates a new instance of <code>{@link org.assertj.assertions.generator.data.art.ArtWorkAssert}</code>.
   *
   * @param actual the actual value.
   * @return the created assertion object.
   */
  @org.assertj.core.util.CheckReturnValue
  public static org.assertj.assertions.generator.data.art.ArtWorkAssert assertThat(org.assertj.assertions.generator.data.art.ArtWork actual) {
    return new org.assertj.assertions.generator.data.art.ArtWorkAssert(actual);
  }

  /**
   * Creates a new instance of <code>{@link org.assertj.assertions.generator.data.lotr.RaceAssert}</code>.
   *
   * @param actual the actual value.
   * @return the created assertion object.
   */
  @org.assertj.core.util.CheckReturnValue
  public static org.assertj.assertions.generator.data.lotr.RaceAssert assertThat(org.assertj.assertions.generator.data.lotr.Race actual) {
    return new org.assertj.assertions.generator.data.lotr.RaceAssert(actual);
  }

  /**
   * Creates a new instance of <code>{@link org.assertj.assertions.generator.data.lotr.RingAssert}</code>.
   *
   * @param actual the actual value.
   * @return the created assertion object.
   */
  @org.assertj.core.util.CheckReturnValue
  public static org.assertj.assertions.generator.data.lotr.RingAssert assertThat(org.assertj.assertions.generator.data.lotr.Ring actual) {
    return new org.assertj.assertions.generator.data.lotr.RingAssert(actual);
  }

  /**
   * Creates a new instance of <code>{@link org.assertj.assertions.generator.data.lotr.TolkienCharacterAssert}</code>.
   *
   * @param actual the actual value.
   * @return the created assertion object.
   */
  @org.assertj.core.util.CheckReturnValue
  public static org.assertj.assertions.generator.data.lotr.TolkienCharacterAssert assertThat(org.assertj.assertions.generator.data.lotr.TolkienCharacter actual) {
    return new org.assertj.assertions.generator.data.lotr.TolkienCharacterAssert(actual);
  }

  /**
   * Creates a new instance of <code>{@link org.assertj.assertions.generator.data.nba.PlayerAssert}</code>.
   *
   * @param actual the actual value.
   * @return the created assertion object.
   */
  @org.assertj.core.util.CheckReturnValue
  public static org.assertj.assertions.generator.data.nba.PlayerAssert assertThat(org.assertj.assertions.generator.data.nba.Player actual) {
    return new org.assertj.assertions.generator.data.nba.PlayerAssert(actual);
  }

  /**
   * Creates a new <code>{@link Assertions}</code>.
   */
  protected Assertions() {
    // empty
  }
}
