package org.assertj.assertions.generator.data;

/**
 * {@link AutoValueAnnotatedClass} specific assertions - Generated by CustomAssertionGenerator.
 *
 * Although this class is not final to allow Soft assertions proxy, if you wish to extend it, 
 * extend {@link AbstractAutoValueAnnotatedClassAssert} instead.
 */
@javax.annotation.processing.Generated(value="assertj-assertions-generator")
public class AutoValueAnnotatedClassAssert extends AbstractAutoValueAnnotatedClassAssert<AutoValueAnnotatedClassAssert, AutoValueAnnotatedClass> {

  /**
   * Creates a new <code>{@link AutoValueAnnotatedClassAssert}</code> to make assertions on actual AutoValueAnnotatedClass.
   * @param actual the AutoValueAnnotatedClass we want to make assertions on.
   */
  public AutoValueAnnotatedClassAssert(AutoValueAnnotatedClass actual) {
    super(actual, AutoValueAnnotatedClassAssert.class);
  }

  /**
   * An entry point for AutoValueAnnotatedClassAssert to follow AssertJ standard <code>assertThat()</code> statements.<br>
   * With a static import, one can write directly: <code>assertThat(myAutoValueAnnotatedClass)</code> and get specific assertion with code completion.
   * @param actual the AutoValueAnnotatedClass we want to make assertions on.
   * @return a new <code>{@link AutoValueAnnotatedClassAssert}</code>
   */
  @org.assertj.core.util.CheckReturnValue
  public static AutoValueAnnotatedClassAssert assertThat(AutoValueAnnotatedClass actual) {
    return new AutoValueAnnotatedClassAssert(actual);
  }
}
