package org.assertj.assertions.generator.data;

import org.assertj.core.api.AbstractObjectAssert;
import org.assertj.core.util.Objects;

/**
 * {@link AutoValueAnnotatedClass} specific assertions - Generated by CustomAssertionGenerator.
 */
@javax.annotation.Generated(value="assertj-assertions-generator")
public class AutoValueAnnotatedClassAssert extends AbstractObjectAssert<AutoValueAnnotatedClassAssert, AutoValueAnnotatedClass> {

  /**
   * Creates a new <code>{@link AutoValueAnnotatedClassAssert}</code> to make assertions on actual AutoValueAnnotatedClass.
   * @param actual the AutoValueAnnotatedClass we want to make assertions on.
   */
  public AutoValueAnnotatedClassAssert(AutoValueAnnotatedClass actual) {
    super(actual, AutoValueAnnotatedClassAssert.class);
  }

  /**
   * An entry point for AutoValueAnnotatedClassAssert to follow AssertJ standard <code>assertThat()</code> statements.<br>
   * With a static import, one can write directly: <code>assertThat(myAutoValueAnnotatedClass)</code> and get specific assertion with code completion.
   * @param actual the AutoValueAnnotatedClass we want to make assertions on.
   * @return a new <code>{@link AutoValueAnnotatedClassAssert}</code>
   */
  @org.assertj.core.util.CheckReturnValue
  public static AutoValueAnnotatedClassAssert assertThat(AutoValueAnnotatedClass actual) {
    return new AutoValueAnnotatedClassAssert(actual);
  }

  /**
   * Verifies that the actual AutoValueAnnotatedClass's anotherProperty is equal to the given one.
   * @param anotherProperty the given anotherProperty to compare the actual AutoValueAnnotatedClass's anotherProperty to.
   * @return this assertion object.
   * @throws AssertionError - if the actual AutoValueAnnotatedClass's anotherProperty is not equal to the given one.
   */
  public AutoValueAnnotatedClassAssert hasAnotherProperty(Object anotherProperty) {
    // check that actual AutoValueAnnotatedClass we want to make assertions on is not null.
    isNotNull();

    // overrides the default error message with a more explicit one
    String assertjErrorMessage = "\nExpecting anotherProperty of:\n  <%s>\nto be:\n  <%s>\nbut was:\n  <%s>";

    // null safe check
    Object actualAnotherProperty = actual.anotherProperty();
    if (!Objects.areEqual(actualAnotherProperty, anotherProperty)) {
      failWithMessage(assertjErrorMessage, actual, anotherProperty, actualAnotherProperty);
    }

    // return the current assertion for method chaining
    return this;
  }

  /**
   * Verifies that the actual AutoValueAnnotatedClass's anotherProperty is <code>null</code>.
   * @return this assertion object.
   * @throws AssertionError - if the actual AutoValueAnnotatedClass's anotherProperty is not <code>null</code>.
   */
  public AutoValueAnnotatedClassAssert hasNullAnotherProperty() {
    // check that actual AutoValueAnnotatedClass we want to make assertions on is not null.
    isNotNull();

    // overrides the default error message with a more explicit one
    String assertjErrorMessage = "\nExpecting anotherProperty of:\n  <%s>\nto be:\n  null\nbut was:\n  <%s>";

    // check
    Object actualAnotherProperty = actual.anotherProperty();
    if (actualAnotherProperty != null) {
      failWithMessage(assertjErrorMessage, actual, actualAnotherProperty);
    }

    // return the current assertion for method chaining
    return this;
  }

  /**
   * Verifies that the actual AutoValueAnnotatedClass's anotherProperty is not <code>null</code>.
   * @return this assertion object.
   * @throws AssertionError - if the actual AutoValueAnnotatedClass's anotherProperty is <code>null</code>.
   */
  public AutoValueAnnotatedClassAssert hasNotNullAnotherProperty() {
    // check that actual AutoValueAnnotatedClass we want to make assertions on is not null.
    isNotNull();

    // overrides the default error message with a more explicit one
    String assertjErrorMessage = "\nExpecting anotherProperty of:\n  <%s>\nto be:\n  not-null\nbut was:\n  <null>";

    // check
    Object actualAnotherProperty = actual.anotherProperty();
    if (actualAnotherProperty == null) {
      failWithMessage(assertjErrorMessage, actual);
    }

    // return the current assertion for method chaining
    return this;
  }

  /**
   * Verifies that the actual AutoValueAnnotatedClass's stuff is equal to the given one.
   * @param stuff the given stuff to compare the actual AutoValueAnnotatedClass's stuff to.
   * @return this assertion object.
   * @throws AssertionError - if the actual AutoValueAnnotatedClass's stuff is not equal to the given one.
   */
  public AutoValueAnnotatedClassAssert hasStuff(boolean stuff) {
    // check that actual AutoValueAnnotatedClass we want to make assertions on is not null.
    isNotNull();

    // overrides the default error message with a more explicit one
    String assertjErrorMessage = "\nExpecting stuff of:\n  <%s>\nto be:\n  <%s>\nbut was:\n  <%s>";

    // check
    boolean actualStuff = actual.getStuff();
    if (actualStuff != stuff) {
      failWithMessage(assertjErrorMessage, actual, stuff, actualStuff);
    }

    // return the current assertion for method chaining
    return this;
  }

  /**
   * Verifies that the actual AutoValueAnnotatedClass's thisIsAProperty is equal to the given one.
   * @param thisIsAProperty the given thisIsAProperty to compare the actual AutoValueAnnotatedClass's thisIsAProperty to.
   * @return this assertion object.
   * @throws AssertionError - if the actual AutoValueAnnotatedClass's thisIsAProperty is not equal to the given one.
   */
  public AutoValueAnnotatedClassAssert hasThisIsAProperty(boolean thisIsAProperty) {
    // check that actual AutoValueAnnotatedClass we want to make assertions on is not null.
    isNotNull();

    // overrides the default error message with a more explicit one
    String assertjErrorMessage = "\nExpecting thisIsAProperty of:\n  <%s>\nto be:\n  <%s>\nbut was:\n  <%s>";

    // check
    boolean actualThisIsAProperty = actual.thisIsAProperty();
    if (actualThisIsAProperty != thisIsAProperty) {
      failWithMessage(assertjErrorMessage, actual, thisIsAProperty, actualThisIsAProperty);
    }

    // return the current assertion for method chaining
    return this;
  }

}
