package org.assertj.assertions.generator.data;

/**
 * {@link BooleanPredicates} specific assertions - Generated by CustomAssertionGenerator.
 *
 * Although this class is not final to allow Soft assertions proxy, if you wish to extend it, 
 * extend {@link AbstractBooleanPredicatesAssert} instead.
 */
@javax.annotation.processing.Generated(value="assertj-assertions-generator")
public class BooleanPredicatesAssert extends AbstractBooleanPredicatesAssert<BooleanPredicatesAssert, BooleanPredicates> {

  /**
   * Creates a new <code>{@link BooleanPredicatesAssert}</code> to make assertions on actual BooleanPredicates.
   * @param actual the BooleanPredicates we want to make assertions on.
   */
  public BooleanPredicatesAssert(BooleanPredicates actual) {
    super(actual, BooleanPredicatesAssert.class);
  }

  /**
   * An entry point for BooleanPredicatesAssert to follow AssertJ standard <code>assertThat()</code> statements.<br>
   * With a static import, one can write directly: <code>assertThat(myBooleanPredicates)</code> and get specific assertion with code completion.
   * @param actual the BooleanPredicates we want to make assertions on.
   * @return a new <code>{@link BooleanPredicatesAssert}</code>
   */
  @org.assertj.core.util.CheckReturnValue
  public static BooleanPredicatesAssert assertThat(BooleanPredicates actual) {
    return new BooleanPredicatesAssert(actual);
  }
}
