package org.assertj.assertions.generator.data;

import org.assertj.core.api.AbstractAssert;
// Assertions is needed if an assertion for Iterable is generated
import org.assertj.core.api.Assertions;


/**
 * {@link ${nestedClass}} specific assertions - Generated by CustomAssertionGenerator.
 */
public class ${nestedClass}Assert extends AbstractAssert<${nestedClass}Assert, ${nestedClass}> {

  /**
   * Creates a new </code>{@link ${nestedClass}Assert}</code> to make assertions on actual ${nestedClass}.
   * @param actual the ${nestedClass} we want to make assertions on.
   */
  public ${nestedClass}Assert(${nestedClass} actual) {
    super(actual, ${nestedClass}Assert.class);
  }

  /**
   * An entry point for ${nestedClass}Assert to follow AssertJ standard <code>assertThat()</code> statements.<br>
   * With a static import, one's can write directly : <code>assertThat(my${nestedClass})</code> and get specific assertion with code completion.
   * @param actual the ${nestedClass} we want to make assertions on.
   * @return a new </code>{@link ${nestedClass}Assert}</code>
   */
  public static ${nestedClass}Assert assertThat(${nestedClass} actual) {
    return new ${nestedClass}Assert(actual);
  }

  /**
   * Verifies that the actual ${nestedClass}'s name is equal to the given one.
   * @param name the given name to compare the actual ${nestedClass}'s name to.
   * @return this assertion object.
   * @throws AssertionError - if the actual ${nestedClass}'s name is not equal to the given one.
   */
  public ${nestedClass}Assert hasName(String name) {
    // check that actual ${nestedClass} we want to make assertions on is not null.
    isNotNull();

    // we overrides the default error message with a more explicit one
    String errorMessage = "\nExpected name of:\n  <%s>\nto be:\n  <%s>\n but was:\n  <%s>";
    
    // check
    String actualName = actual.getName();
    if (!actualName.equals(name)) {
      failWithMessage(errorMessage, actual, name, actualName);
    }

    // return the current assertion for method chaining
    return this;
  }

}
