package com.google.common.base;

/**
 * {@link Optional} specific assertions - Generated by CustomAssertionGenerator.
 *
 * Although this class is not final to allow Soft assertions proxy, if you wish to extend it, 
 * extend {@link AbstractOptionalAssert} instead.
 */
@javax.annotation.processing.Generated(value="assertj-assertions-generator")
public class OptionalAssert extends AbstractOptionalAssert<OptionalAssert, Optional> {

  /**
   * Creates a new <code>{@link OptionalAssert}</code> to make assertions on actual Optional.
   * @param actual the Optional we want to make assertions on.
   */
  public OptionalAssert(Optional actual) {
    super(actual, OptionalAssert.class);
  }

  /**
   * An entry point for OptionalAssert to follow AssertJ standard <code>assertThat()</code> statements.<br>
   * With a static import, one can write directly: <code>assertThat(myOptional)</code> and get specific assertion with code completion.
   * @param actual the Optional we want to make assertions on.
   * @return a new <code>{@link OptionalAssert}</code>
   */
  @org.assertj.core.util.CheckReturnValue
  public static OptionalAssert assertThat(Optional actual) {
    return new OptionalAssert(actual);
  }
}
