package my.assertions;

import org.assertj.assertions.generator.data.nba.PlayerAgent;
import org.assertj.core.api.AbstractObjectAssert;
import org.assertj.core.util.Objects;

/**
 * {@link PlayerAgent} specific assertions - Generated by CustomAssertionGenerator.
 */
@javax.annotation.Generated(value="assertj-assertions-generator")
public class PlayerAgentAssert extends AbstractObjectAssert<PlayerAgentAssert, PlayerAgent> {

  /**
   * Creates a new <code>{@link PlayerAgentAssert}</code> to make assertions on actual PlayerAgent.
   * @param actual the PlayerAgent we want to make assertions on.
   */
  public PlayerAgentAssert(PlayerAgent actual) {
    super(actual, PlayerAgentAssert.class);
  }

  /**
   * An entry point for PlayerAgentAssert to follow AssertJ standard <code>assertThat()</code> statements.<br>
   * With a static import, one can write directly: <code>assertThat(myPlayerAgent)</code> and get specific assertion with code completion.
   * @param actual the PlayerAgent we want to make assertions on.
   * @return a new <code>{@link PlayerAgentAssert}</code>
   */
  @org.assertj.core.util.CheckReturnValue
  public static PlayerAgentAssert assertThat(PlayerAgent actual) {
    return new PlayerAgentAssert(actual);
  }

  /**
   * Verifies that the actual PlayerAgent's managedPlayer is equal to the given one.
   * @param managedPlayer the given managedPlayer to compare the actual PlayerAgent's managedPlayer to.
   * @return this assertion object.
   * @throws AssertionError - if the actual PlayerAgent's managedPlayer is not equal to the given one.
   */
  public PlayerAgentAssert hasManagedPlayer(org.assertj.assertions.generator.data.nba.Player managedPlayer) {
    // check that actual PlayerAgent we want to make assertions on is not null.
    isNotNull();

    // overrides the default error message with a more explicit one
    String assertjErrorMessage = "\nExpecting managedPlayer of:\n  <%s>\nto be:\n  <%s>\nbut was:\n  <%s>";

    // null safe check
    org.assertj.assertions.generator.data.nba.Player actualManagedPlayer = actual.getManagedPlayer();
    if (!Objects.areEqual(actualManagedPlayer, managedPlayer)) {
      failWithMessage(assertjErrorMessage, actual, managedPlayer, actualManagedPlayer);
    }

    // return the current assertion for method chaining
    return this;
  }

  /**
   * Verifies that the actual PlayerAgent's managedPlayer is <code>null</code>.
   * @return this assertion object.
   * @throws AssertionError - if the actual PlayerAgent's managedPlayer is not <code>null</code>.
   */
  public PlayerAgentAssert hasNullManagedPlayer() {
    // check that actual PlayerAgent we want to make assertions on is not null.
    isNotNull();

    // overrides the default error message with a more explicit one
    String assertjErrorMessage = "\nExpecting managedPlayer of:\n  <%s>\nto be:\n  null\nbut was:\n  <%s>";

    // check
    org.assertj.assertions.generator.data.nba.Player actualManagedPlayer = actual.getManagedPlayer();
    if (actualManagedPlayer != null) {
      failWithMessage(assertjErrorMessage, actual, actualManagedPlayer);
    }

    // return the current assertion for method chaining
    return this;
  }

  /**
   * Verifies that the actual PlayerAgent's managedPlayer is not <code>null</code>.
   * @return this assertion object.
   * @throws AssertionError - if the actual PlayerAgent's managedPlayer is <code>null</code>.
   */
  public PlayerAgentAssert hasNotNullManagedPlayer() {
    // check that actual PlayerAgent we want to make assertions on is not null.
    isNotNull();

    // overrides the default error message with a more explicit one
    String assertjErrorMessage = "\nExpecting managedPlayer of:\n  <%s>\nto be:\n  not-null\nbut was:\n  <null>";

    // check
    org.assertj.assertions.generator.data.nba.Player actualManagedPlayer = actual.getManagedPlayer();
    if (actualManagedPlayer == null) {
      failWithMessage(assertjErrorMessage, actual);
    }

    // return the current assertion for method chaining
    return this;
  }

}
