package org.assertj.assertions.generator.data.nba;

/**
 * {@link PlayerAgent} specific assertions - Generated by CustomAssertionGenerator.
 *
 * Although this class is not final to allow Soft assertions proxy, if you wish to extend it, 
 * extend {@link AbstractPlayerAgentAssert} instead.
 */
@javax.annotation.processing.Generated(value="assertj-assertions-generator")
public class PlayerAgentAssert extends AbstractPlayerAgentAssert<PlayerAgentAssert, PlayerAgent> {

  /**
   * Creates a new <code>{@link PlayerAgentAssert}</code> to make assertions on actual PlayerAgent.
   * @param actual the PlayerAgent we want to make assertions on.
   */
  public PlayerAgentAssert(PlayerAgent actual) {
    super(actual, PlayerAgentAssert.class);
  }

  /**
   * An entry point for PlayerAgentAssert to follow AssertJ standard <code>assertThat()</code> statements.<br>
   * With a static import, one can write directly: <code>assertThat(myPlayerAgent)</code> and get specific assertion with code completion.
   * @param actual the PlayerAgent we want to make assertions on.
   * @return a new <code>{@link PlayerAgentAssert}</code>
   */
  @org.assertj.core.util.CheckReturnValue
  public static PlayerAgentAssert assertThat(PlayerAgent actual) {
    return new PlayerAgentAssert(actual);
  }
}
